// Jest Snapshot v1, https://goo.gl/fbAQLP

exports[`pagesSchema should invalidate empty fields 1`] = `false`;

exports[`pagesSchema should invalidate empty fields 2`] = `
[
  ""pages[0].title" is not allowed to be empty",
  ""pages[0].template" is not allowed to be empty",
  ""pages[0].helper" is not allowed to be empty",
  ""pages[0].routes" must have at least 1 key",
]
`;

exports[`pagesSchema should invalidate fields with incorrect data types 1`] = `false`;

exports[`pagesSchema should invalidate fields with incorrect data types 2`] = `
[
  ""pages[0].title" must be a string",
  ""pages[0].template" must be a string",
  ""pages[0].helper" must be a string",
  ""pages[0].routes" must be of type object",
  ""pages[0].data" must be of type object",
]
`;

exports[`pagesSchema should invalidate required fields with missing values 1`] = `false`;

exports[`pagesSchema should invalidate required fields with missing values 2`] = `
[
  ""pages[0].title" is required",
  ""pages[0].routes" is required",
]
`;

exports[`pagesSchema should invalidate routes with invalid values 1`] = `false`;

exports[`pagesSchema should invalidate routes with invalid values 2`] = `
[
  ""pages[0].routes.foo": Route path must be a string starting with '/'",
  ""pages[1].routes.bar" is not allowed to be empty",
  ""pages[2].routes.third" must be a string",
]
`;

exports[`pagesSchema should invalidate unknown fields  1`] = `false`;

exports[`pagesSchema should invalidate unknown fields  2`] = `
[
  ""pages[0].foo" is not allowed",
]
`;

exports[`pagesSchema should validate correct fields 1`] = `true`;

exports[`pagesSchema should validate correct fields 2`] = `[]`;
