// Jest Snapshot v1, https://goo.gl/fbAQLP

exports[`createSchemaCustomization correctly creates schema definitions 1`] = `
[
  [
    [
      {
        "fields": {
          "data": "JSON",
          "helper": "String",
          "template": "String",
          "templateName": "String",
        },
        "interfaces": [
          "Node",
        ],
        "name": "Page",
      },
    ],
  ],
]
`;
