// Jest Snapshot v1, https://goo.gl/fbAQLP

exports[`createSchemaCustomization correctly creates schema definitions 1`] = `
[
  [
    [
      {
        "fields": {
          "name": "String!",
          "path": "String!",
        },
        "name": "PageRoute",
      },
      {
        "fields": {
          "data": "JSON",
          "helper": "String",
          "routes": "[PageRoute!]!",
          "template": "String",
          "templateName": "String",
          "title": "String!",
        },
        "interfaces": [
          "Node",
        ],
        "name": "Page",
      },
    ],
  ],
]
`;
