// Jest Snapshot v1, https://goo.gl/fbAQLP

exports[`API correctly fetchs routes 1`] = `
[
  {
    "name": "home",
    "parent": null,
    "path": "/",
    "realpath": "/site/",
  },
  {
    "name": "about",
    "parent": null,
    "path": "/about",
    "realpath": "/site/about",
  },
  {
    "name": "blog",
    "parent": null,
    "path": "/blog",
    "realpath": "/site/blog",
  },
  {
    "name": "blog.pagination",
    "parent": {
      "name": "blog",
      "scope": "pagination",
    },
    "path": "/blog/page/:page",
    "realpath": "/site/blog/page/:page",
  },
  {
    "name": "blog.author",
    "parent": null,
    "path": "/blog/author/:author",
    "realpath": "/site/blog/author/:author",
  },
  {
    "name": "blog.author.pagination",
    "parent": {
      "name": "blog.author",
      "scope": "pagination",
    },
    "path": "/blog/author/:author/page/:page",
    "realpath": "/site/blog/author/:author/page/:page",
  },
  {
    "name": "blog.tag",
    "parent": null,
    "path": "/blog/tag/:tag",
    "realpath": "/site/blog/tag/:tag",
  },
  {
    "name": "blog.tag.pagination",
    "parent": {
      "name": "blog.tag",
      "scope": "pagination",
    },
    "path": "/blog/tag/:tag/page/:page",
    "realpath": "/site/blog/tag/:tag/page/:page",
  },
  {
    "name": "blog.post",
    "parent": null,
    "path": "/blog/post/:post",
    "realpath": "/site/blog/post/:post",
  },
]
`;

exports[`API correctly fetchs routes 2`] = `
[
  {
    "name": "blog.pagination",
    "parent": {
      "name": "blog",
      "scope": "pagination",
    },
    "path": "/blog/page/:page",
    "realpath": "/site/blog/page/:page",
  },
]
`;

exports[`API correctly fetchs routes 3`] = `
{
  "name": "blog.post",
  "parent": null,
  "path": "/blog/post/:post",
  "realpath": "/site/blog/post/:post",
}
`;

exports[`API correctly generates paths 1`] = `"/site"`;

exports[`API correctly generates paths 2`] = `"/site/blog/post/hello"`;

exports[`API picks the correct matching route 1`] = `
{
  "name": "blog.pagination",
  "parent": {
    "name": "blog",
    "scope": "pagination",
  },
  "path": "/blog/page/:page",
  "realpath": "/site/blog/page/:page",
}
`;

exports[`API picks the correct matching route 2`] = `
{
  "name": "home",
  "parent": null,
  "path": "/",
  "realpath": "/site/",
}
`;

exports[`API picks the correct matching route 3`] = `
{
  "name": "home",
  "parent": null,
  "path": "/",
  "realpath": "/site/",
}
`;

exports[`API picks the correct matching route 4`] = `
{
  "name": "blog.tag.pagination",
  "parent": {
    "name": "blog.tag",
    "scope": "pagination",
  },
  "path": "/blog/tag/:tag/page/:page",
  "realpath": "/site/blog/tag/:tag/page/:page",
}
`;

exports[`API picks the correct matching route 5`] = `
{
  "name": "blog.post",
  "parent": null,
  "path": "/blog/post/:post",
  "realpath": "/site/blog/post/:post",
}
`;
