// Jest Snapshot v1, https://goo.gl/fbAQLP

exports[`<Pagination /> should be able to handle different pageInfos 1`] = `
<nav
  aria-label="Pagination Navigation"
  role="navigation"
>
  <ul
    className="pagination"
  >
    <li
      className="page-item page-item__first disabled"
    >
      <a
        className="page-link"
      >
        « First
      </a>
    </li>
    <li
      className="page-item page-item__prev disabled"
    >
      <a
        className="page-link"
      >
        ← Previous
      </a>
    </li>
    <li
      className="page-item active"
    >
      <Link
        className="page-link"
        scope={null}
        to="whatever"
      >
        1
      </Link>
    </li>
    <li
      className="page-item page-item__next disabled"
    >
      <a
        className="page-link"
      >
        Next →
      </a>
    </li>
    <li
      className="page-item page-item__last disabled"
    >
      <a
        className="page-link"
      >
        Last »
      </a>
    </li>
  </ul>
</nav>
`;

exports[`<Pagination /> should be able to handle different pageInfos 2`] = `
<nav
  aria-label="Pagination Navigation"
  role="navigation"
>
  <ul
    className="pagination"
  >
    <li
      className="page-item page-item__first"
    >
      <Link
        className="page-link"
        scope={null}
        to="whatever"
      >
        « First
      </Link>
    </li>
    <li
      className="page-item page-item__prev"
    >
      <Link
        className="page-link"
        params={
          {
            "page": 2,
          }
        }
        scope="pagination"
        to="whatever"
      >
        ← Previous
      </Link>
    </li>
    <li
      className="page-item"
    >
      <Link
        className="page-link"
        scope={null}
        to="whatever"
      >
        1
      </Link>
    </li>
    <li
      className="page-item"
    >
      <Link
        className="page-link"
        params={
          {
            "page": 2,
          }
        }
        scope="pagination"
        to="whatever"
      >
        2
      </Link>
    </li>
    <li
      className="page-item active"
    >
      <Link
        className="page-link"
        params={
          {
            "page": 3,
          }
        }
        scope="pagination"
        to="whatever"
      >
        3
      </Link>
    </li>
    <li
      className="page-item page-item__next disabled"
    >
      <a
        className="page-link"
      >
        Next →
      </a>
    </li>
    <li
      className="page-item page-item__last disabled"
    >
      <a
        className="page-link"
      >
        Last »
      </a>
    </li>
  </ul>
</nav>
`;

exports[`<Pagination /> should be able to handle different pageInfos 3`] = `
<nav
  aria-label="Pagination Navigation"
  role="navigation"
>
  <ul
    className="pagination"
  >
    <li
      className="page-item page-item__first"
    >
      <Link
        className="page-link"
        scope={null}
        to="whatever"
      >
        « First
      </Link>
    </li>
    <li
      className="page-item page-item__prev"
    >
      <Link
        className="page-link"
        params={
          {
            "page": 7,
          }
        }
        scope="pagination"
        to="whatever"
      >
        ← Previous
      </Link>
    </li>
    <li
      className="page-item"
    >
      <Link
        className="page-link"
        params={
          {
            "page": 6,
          }
        }
        scope="pagination"
        to="whatever"
      >
        6
      </Link>
    </li>
    <li
      className="page-item"
    >
      <Link
        className="page-link"
        params={
          {
            "page": 7,
          }
        }
        scope="pagination"
        to="whatever"
      >
        7
      </Link>
    </li>
    <li
      className="page-item active"
    >
      <Link
        className="page-link"
        params={
          {
            "page": 8,
          }
        }
        scope="pagination"
        to="whatever"
      >
        8
      </Link>
    </li>
    <li
      className="page-item"
    >
      <Link
        className="page-link"
        params={
          {
            "page": 9,
          }
        }
        scope="pagination"
        to="whatever"
      >
        9
      </Link>
    </li>
    <li
      className="page-item"
    >
      <Link
        className="page-link"
        params={
          {
            "page": 10,
          }
        }
        scope="pagination"
        to="whatever"
      >
        10
      </Link>
    </li>
    <li
      className="page-item"
    >
      <Link
        className="page-link"
        params={
          {
            "page": 11,
          }
        }
        scope="pagination"
        to="whatever"
      >
        11
      </Link>
    </li>
    <li
      className="page-item page-item__next"
    >
      <Link
        className="page-link"
        params={
          {
            "page": 9,
          }
        }
        scope="pagination"
        to="whatever"
      >
        Next →
      </Link>
    </li>
    <li
      className="page-item page-item__last"
    >
      <Link
        className="page-link"
        params={
          {
            "page": 12,
          }
        }
        scope="pagination"
        to="whatever"
      >
        Last »
      </Link>
    </li>
  </ul>
</nav>
`;

exports[`<Pagination /> should render correctly with custom labels 1`] = `
<nav
  aria-label="Pagination Navigation"
  role="navigation"
>
  <ul
    className="pagination"
  >
    <li
      className="page-item page-item__first"
    >
      <Link
        className="page-link"
        scope={null}
        to="whatever"
      >
        « First custom
      </Link>
    </li>
    <li
      className="page-item page-item__prev"
    >
      <Link
        className="page-link"
        params={
          {
            "page": 3,
          }
        }
        scope="pagination"
        to="whatever"
      >
        ← Previous custom
      </Link>
    </li>
    <li
      className="page-item"
    >
      <Link
        className="page-link"
        scope={null}
        to="whatever"
      >
        1
      </Link>
    </li>
    <li
      className="page-item"
    >
      <Link
        className="page-link"
        params={
          {
            "page": 2,
          }
        }
        scope="pagination"
        to="whatever"
      >
        2
      </Link>
    </li>
    <li
      className="page-item"
    >
      <Link
        className="page-link"
        params={
          {
            "page": 3,
          }
        }
        scope="pagination"
        to="whatever"
      >
        3
      </Link>
    </li>
    <li
      className="page-item active"
    >
      <Link
        className="page-link"
        params={
          {
            "page": 4,
          }
        }
        scope="pagination"
        to="whatever"
      >
        4
      </Link>
    </li>
    <li
      className="page-item"
    >
      <Link
        className="page-link"
        params={
          {
            "page": 5,
          }
        }
        scope="pagination"
        to="whatever"
      >
        5
      </Link>
    </li>
    <li
      className="page-item"
    >
      <Link
        className="page-link"
        params={
          {
            "page": 6,
          }
        }
        scope="pagination"
        to="whatever"
      >
        6
      </Link>
    </li>
    <li
      className="page-item page-item__next"
    >
      <Link
        className="page-link"
        params={
          {
            "page": 5,
          }
        }
        scope="pagination"
        to="whatever"
      >
        Next → custom
      </Link>
    </li>
    <li
      className="page-item page-item__last"
    >
      <Link
        className="page-link"
        params={
          {
            "page": 9,
          }
        }
        scope="pagination"
        to="whatever"
      >
        Last » custom
      </Link>
    </li>
  </ul>
</nav>
`;

exports[`<Pagination /> should render correctly with custom range 1`] = `
<nav
  aria-label="Pagination Navigation"
  role="navigation"
>
  <ul
    className="pagination"
  >
    <li
      className="page-item page-item__first"
    >
      <Link
        className="page-link"
        scope={null}
        to="whatever"
      >
        « First
      </Link>
    </li>
    <li
      className="page-item page-item__prev"
    >
      <Link
        className="page-link"
        params={
          {
            "page": 3,
          }
        }
        scope="pagination"
        to="whatever"
      >
        ← Previous
      </Link>
    </li>
    <li
      className="page-item active"
    >
      <Link
        className="page-link"
        params={
          {
            "page": 4,
          }
        }
        scope="pagination"
        to="whatever"
      >
        4
      </Link>
    </li>
    <li
      className="page-item page-item__next"
    >
      <Link
        className="page-link"
        params={
          {
            "page": 5,
          }
        }
        scope="pagination"
        to="whatever"
      >
        Next →
      </Link>
    </li>
    <li
      className="page-item page-item__last"
    >
      <Link
        className="page-link"
        params={
          {
            "page": 9,
          }
        }
        scope="pagination"
        to="whatever"
      >
        Last »
      </Link>
    </li>
  </ul>
</nav>
`;

exports[`<Pagination /> should render correctly with custom range 2`] = `
<nav
  aria-label="Pagination Navigation"
  role="navigation"
>
  <ul
    className="pagination"
  >
    <li
      className="page-item page-item__first"
    >
      <Link
        className="page-link"
        scope={null}
        to="whatever"
      >
        « First
      </Link>
    </li>
    <li
      className="page-item page-item__prev"
    >
      <Link
        className="page-link"
        params={
          {
            "page": 3,
          }
        }
        scope="pagination"
        to="whatever"
      >
        ← Previous
      </Link>
    </li>
    <li
      className="page-item"
    >
      <Link
        className="page-link"
        params={
          {
            "page": 3,
          }
        }
        scope="pagination"
        to="whatever"
      >
        3
      </Link>
    </li>
    <li
      className="page-item active"
    >
      <Link
        className="page-link"
        params={
          {
            "page": 4,
          }
        }
        scope="pagination"
        to="whatever"
      >
        4
      </Link>
    </li>
    <li
      className="page-item"
    >
      <Link
        className="page-link"
        params={
          {
            "page": 5,
          }
        }
        scope="pagination"
        to="whatever"
      >
        5
      </Link>
    </li>
    <li
      className="page-item page-item__next"
    >
      <Link
        className="page-link"
        params={
          {
            "page": 5,
          }
        }
        scope="pagination"
        to="whatever"
      >
        Next →
      </Link>
    </li>
    <li
      className="page-item page-item__last"
    >
      <Link
        className="page-link"
        params={
          {
            "page": 9,
          }
        }
        scope="pagination"
        to="whatever"
      >
        Last »
      </Link>
    </li>
  </ul>
</nav>
`;

exports[`<Pagination /> should render correctly with custom range 3`] = `
<nav
  aria-label="Pagination Navigation"
  role="navigation"
>
  <ul
    className="pagination"
  >
    <li
      className="page-item page-item__first"
    >
      <Link
        className="page-link"
        scope={null}
        to="whatever"
      >
        « First
      </Link>
    </li>
    <li
      className="page-item page-item__prev"
    >
      <Link
        className="page-link"
        params={
          {
            "page": 3,
          }
        }
        scope="pagination"
        to="whatever"
      >
        ← Previous
      </Link>
    </li>
    <li
      className="page-item"
    >
      <Link
        className="page-link"
        scope={null}
        to="whatever"
      >
        1
      </Link>
    </li>
    <li
      className="page-item"
    >
      <Link
        className="page-link"
        params={
          {
            "page": 2,
          }
        }
        scope="pagination"
        to="whatever"
      >
        2
      </Link>
    </li>
    <li
      className="page-item"
    >
      <Link
        className="page-link"
        params={
          {
            "page": 3,
          }
        }
        scope="pagination"
        to="whatever"
      >
        3
      </Link>
    </li>
    <li
      className="page-item active"
    >
      <Link
        className="page-link"
        params={
          {
            "page": 4,
          }
        }
        scope="pagination"
        to="whatever"
      >
        4
      </Link>
    </li>
    <li
      className="page-item"
    >
      <Link
        className="page-link"
        params={
          {
            "page": 5,
          }
        }
        scope="pagination"
        to="whatever"
      >
        5
      </Link>
    </li>
    <li
      className="page-item"
    >
      <Link
        className="page-link"
        params={
          {
            "page": 6,
          }
        }
        scope="pagination"
        to="whatever"
      >
        6
      </Link>
    </li>
    <li
      className="page-item"
    >
      <Link
        className="page-link"
        params={
          {
            "page": 7,
          }
        }
        scope="pagination"
        to="whatever"
      >
        7
      </Link>
    </li>
    <li
      className="page-item page-item__next"
    >
      <Link
        className="page-link"
        params={
          {
            "page": 5,
          }
        }
        scope="pagination"
        to="whatever"
      >
        Next →
      </Link>
    </li>
    <li
      className="page-item page-item__last"
    >
      <Link
        className="page-link"
        params={
          {
            "page": 9,
          }
        }
        scope="pagination"
        to="whatever"
      >
        Last »
      </Link>
    </li>
  </ul>
</nav>
`;

exports[`<Pagination /> should render correctly with custom range 4`] = `
<nav
  aria-label="Pagination Navigation"
  role="navigation"
>
  <ul
    className="pagination"
  >
    <li
      className="page-item page-item__first"
    >
      <Link
        className="page-link"
        scope={null}
        to="whatever"
      >
        « First
      </Link>
    </li>
    <li
      className="page-item page-item__prev"
    >
      <Link
        className="page-link"
        params={
          {
            "page": 3,
          }
        }
        scope="pagination"
        to="whatever"
      >
        ← Previous
      </Link>
    </li>
    <li
      className="page-item"
    >
      <Link
        className="page-link"
        scope={null}
        to="whatever"
      >
        1
      </Link>
    </li>
    <li
      className="page-item"
    >
      <Link
        className="page-link"
        params={
          {
            "page": 2,
          }
        }
        scope="pagination"
        to="whatever"
      >
        2
      </Link>
    </li>
    <li
      className="page-item"
    >
      <Link
        className="page-link"
        params={
          {
            "page": 3,
          }
        }
        scope="pagination"
        to="whatever"
      >
        3
      </Link>
    </li>
    <li
      className="page-item active"
    >
      <Link
        className="page-link"
        params={
          {
            "page": 4,
          }
        }
        scope="pagination"
        to="whatever"
      >
        4
      </Link>
    </li>
    <li
      className="page-item"
    >
      <Link
        className="page-link"
        params={
          {
            "page": 5,
          }
        }
        scope="pagination"
        to="whatever"
      >
        5
      </Link>
    </li>
    <li
      className="page-item"
    >
      <Link
        className="page-link"
        params={
          {
            "page": 6,
          }
        }
        scope="pagination"
        to="whatever"
      >
        6
      </Link>
    </li>
    <li
      className="page-item"
    >
      <Link
        className="page-link"
        params={
          {
            "page": 7,
          }
        }
        scope="pagination"
        to="whatever"
      >
        7
      </Link>
    </li>
    <li
      className="page-item"
    >
      <Link
        className="page-link"
        params={
          {
            "page": 8,
          }
        }
        scope="pagination"
        to="whatever"
      >
        8
      </Link>
    </li>
    <li
      className="page-item"
    >
      <Link
        className="page-link"
        params={
          {
            "page": 9,
          }
        }
        scope="pagination"
        to="whatever"
      >
        9
      </Link>
    </li>
    <li
      className="page-item page-item__next"
    >
      <Link
        className="page-link"
        params={
          {
            "page": 5,
          }
        }
        scope="pagination"
        to="whatever"
      >
        Next →
      </Link>
    </li>
    <li
      className="page-item page-item__last"
    >
      <Link
        className="page-link"
        params={
          {
            "page": 9,
          }
        }
        scope="pagination"
        to="whatever"
      >
        Last »
      </Link>
    </li>
  </ul>
</nav>
`;

exports[`<Pagination /> should render correctly with custom theme 1`] = `
<nav
  aria-label="Pagination Navigation"
  role="navigation"
>
  <ul
    className="pagination-custom"
  >
    <li
      className="page-item-custom page-item__first-custom"
    >
      <Link
        className="page-link-custom"
        scope={null}
        to="whatever"
      >
        « First
      </Link>
    </li>
    <li
      className="page-item-custom page-item__prev-custom"
    >
      <Link
        className="page-link-custom"
        params={
          {
            "page": 3,
          }
        }
        scope="pagination"
        to="whatever"
      >
        ← Previous
      </Link>
    </li>
    <li
      className="page-item-custom"
    >
      <Link
        className="page-link-custom"
        scope={null}
        to="whatever"
      >
        1
      </Link>
    </li>
    <li
      className="page-item-custom"
    >
      <Link
        className="page-link-custom"
        params={
          {
            "page": 2,
          }
        }
        scope="pagination"
        to="whatever"
      >
        2
      </Link>
    </li>
    <li
      className="page-item-custom"
    >
      <Link
        className="page-link-custom"
        params={
          {
            "page": 3,
          }
        }
        scope="pagination"
        to="whatever"
      >
        3
      </Link>
    </li>
    <li
      className="page-item-custom active-custom"
    >
      <Link
        className="page-link-custom"
        params={
          {
            "page": 4,
          }
        }
        scope="pagination"
        to="whatever"
      >
        4
      </Link>
    </li>
    <li
      className="page-item-custom"
    >
      <Link
        className="page-link-custom"
        params={
          {
            "page": 5,
          }
        }
        scope="pagination"
        to="whatever"
      >
        5
      </Link>
    </li>
    <li
      className="page-item-custom"
    >
      <Link
        className="page-link-custom"
        params={
          {
            "page": 6,
          }
        }
        scope="pagination"
        to="whatever"
      >
        6
      </Link>
    </li>
    <li
      className="page-item-custom page-item__next-custom"
    >
      <Link
        className="page-link-custom"
        params={
          {
            "page": 5,
          }
        }
        scope="pagination"
        to="whatever"
      >
        Next →
      </Link>
    </li>
    <li
      className="page-item-custom page-item__last-custom"
    >
      <Link
        className="page-link-custom"
        params={
          {
            "page": 9,
          }
        }
        scope="pagination"
        to="whatever"
      >
        Last »
      </Link>
    </li>
  </ul>
</nav>
`;

exports[`<Pagination /> should render correctly with defaults 1`] = `
<nav
  aria-label="Pagination Navigation"
  role="navigation"
>
  <ul
    className="pagination"
  >
    <li
      className="page-item page-item__first"
    >
      <Link
        className="page-link"
        scope={null}
        to="whatever"
      >
        « First
      </Link>
    </li>
    <li
      className="page-item page-item__prev"
    >
      <Link
        className="page-link"
        params={
          {
            "page": 3,
          }
        }
        scope="pagination"
        to="whatever"
      >
        ← Previous
      </Link>
    </li>
    <li
      className="page-item"
    >
      <Link
        className="page-link"
        scope={null}
        to="whatever"
      >
        1
      </Link>
    </li>
    <li
      className="page-item"
    >
      <Link
        className="page-link"
        params={
          {
            "page": 2,
          }
        }
        scope="pagination"
        to="whatever"
      >
        2
      </Link>
    </li>
    <li
      className="page-item"
    >
      <Link
        className="page-link"
        params={
          {
            "page": 3,
          }
        }
        scope="pagination"
        to="whatever"
      >
        3
      </Link>
    </li>
    <li
      className="page-item active"
    >
      <Link
        className="page-link"
        params={
          {
            "page": 4,
          }
        }
        scope="pagination"
        to="whatever"
      >
        4
      </Link>
    </li>
    <li
      className="page-item"
    >
      <Link
        className="page-link"
        params={
          {
            "page": 5,
          }
        }
        scope="pagination"
        to="whatever"
      >
        5
      </Link>
    </li>
    <li
      className="page-item"
    >
      <Link
        className="page-link"
        params={
          {
            "page": 6,
          }
        }
        scope="pagination"
        to="whatever"
      >
        6
      </Link>
    </li>
    <li
      className="page-item page-item__next"
    >
      <Link
        className="page-link"
        params={
          {
            "page": 5,
          }
        }
        scope="pagination"
        to="whatever"
      >
        Next →
      </Link>
    </li>
    <li
      className="page-item page-item__last"
    >
      <Link
        className="page-link"
        params={
          {
            "page": 9,
          }
        }
        scope="pagination"
        to="whatever"
      >
        Last »
      </Link>
    </li>
  </ul>
</nav>
`;

exports[`<Pagination /> should render correctly with full ui 1`] = `
<nav
  aria-label="Pagination Navigation"
  role="navigation"
>
  <ul
    className="pagination"
  >
    <li
      className="page-item page-item__first"
    >
      <Link
        className="page-link"
        scope={null}
        to="whatever"
      >
        « First
      </Link>
    </li>
    <li
      className="page-item page-item__prev"
    >
      <Link
        className="page-link"
        params={
          {
            "page": 3,
          }
        }
        scope="pagination"
        to="whatever"
      >
        ← Previous
      </Link>
    </li>
    <li
      className="page-item"
    >
      <Link
        className="page-link"
        scope={null}
        to="whatever"
      >
        1
      </Link>
    </li>
    <li
      className="page-item"
    >
      <Link
        className="page-link"
        params={
          {
            "page": 2,
          }
        }
        scope="pagination"
        to="whatever"
      >
        2
      </Link>
    </li>
    <li
      className="page-item"
    >
      <Link
        className="page-link"
        params={
          {
            "page": 3,
          }
        }
        scope="pagination"
        to="whatever"
      >
        3
      </Link>
    </li>
    <li
      className="page-item active"
    >
      <Link
        className="page-link"
        params={
          {
            "page": 4,
          }
        }
        scope="pagination"
        to="whatever"
      >
        4
      </Link>
    </li>
    <li
      className="page-item"
    >
      <Link
        className="page-link"
        params={
          {
            "page": 5,
          }
        }
        scope="pagination"
        to="whatever"
      >
        5
      </Link>
    </li>
    <li
      className="page-item"
    >
      <Link
        className="page-link"
        params={
          {
            "page": 6,
          }
        }
        scope="pagination"
        to="whatever"
      >
        6
      </Link>
    </li>
    <li
      className="page-item page-item__next"
    >
      <Link
        className="page-link"
        params={
          {
            "page": 5,
          }
        }
        scope="pagination"
        to="whatever"
      >
        Next →
      </Link>
    </li>
    <li
      className="page-item page-item__last"
    >
      <Link
        className="page-link"
        params={
          {
            "page": 9,
          }
        }
        scope="pagination"
        to="whatever"
      >
        Last »
      </Link>
    </li>
  </ul>
</nav>
`;

exports[`<Pagination /> should render correctly with mini ui 1`] = `
<nav
  aria-label="Pagination Navigation"
  role="navigation"
>
  <ul
    className="pagination"
  >
    <li
      className="page-item page-item__prev"
    >
      <Link
        className="page-link"
        params={
          {
            "page": 3,
          }
        }
        scope="pagination"
        to="whatever"
      >
        ← Previous
      </Link>
    </li>
    <li
      className="page-item page-item__next"
    >
      <Link
        className="page-link"
        params={
          {
            "page": 5,
          }
        }
        scope="pagination"
        to="whatever"
      >
        Next →
      </Link>
    </li>
  </ul>
</nav>
`;

exports[`<Pagination /> should render correctly with simple ui 1`] = `
<nav
  aria-label="Pagination Navigation"
  role="navigation"
>
  <ul
    className="pagination"
  >
    <li
      className="page-item page-item__prev"
    >
      <Link
        className="page-link"
        params={
          {
            "page": 3,
          }
        }
        scope="pagination"
        to="whatever"
      >
        ← Previous
      </Link>
    </li>
    <li
      className="page-item"
    >
      <Link
        className="page-link"
        scope={null}
        to="whatever"
      >
        1
      </Link>
    </li>
    <li
      className="page-item"
    >
      <Link
        className="page-link"
        params={
          {
            "page": 2,
          }
        }
        scope="pagination"
        to="whatever"
      >
        2
      </Link>
    </li>
    <li
      className="page-item"
    >
      <Link
        className="page-link"
        params={
          {
            "page": 3,
          }
        }
        scope="pagination"
        to="whatever"
      >
        3
      </Link>
    </li>
    <li
      className="page-item active"
    >
      <Link
        className="page-link"
        params={
          {
            "page": 4,
          }
        }
        scope="pagination"
        to="whatever"
      >
        4
      </Link>
    </li>
    <li
      className="page-item"
    >
      <Link
        className="page-link"
        params={
          {
            "page": 5,
          }
        }
        scope="pagination"
        to="whatever"
      >
        5
      </Link>
    </li>
    <li
      className="page-item"
    >
      <Link
        className="page-link"
        params={
          {
            "page": 6,
          }
        }
        scope="pagination"
        to="whatever"
      >
        6
      </Link>
    </li>
    <li
      className="page-item page-item__next"
    >
      <Link
        className="page-link"
        params={
          {
            "page": 5,
          }
        }
        scope="pagination"
        to="whatever"
      >
        Next →
      </Link>
    </li>
  </ul>
</nav>
`;

exports[`<Pagination /> shouldn't render disabled nav items when renderDisabled is false 1`] = `
<nav
  aria-label="Pagination Navigation"
  role="navigation"
>
  <ul
    className="pagination"
  >
    <li
      className="page-item active"
    >
      <Link
        className="page-link"
        scope={null}
        to="whatever"
      >
        1
      </Link>
    </li>
    <li
      className="page-item"
    >
      <Link
        className="page-link"
        params={
          {
            "page": 2,
          }
        }
        scope="pagination"
        to="whatever"
      >
        2
      </Link>
    </li>
    <li
      className="page-item"
    >
      <Link
        className="page-link"
        params={
          {
            "page": 3,
          }
        }
        scope="pagination"
        to="whatever"
      >
        3
      </Link>
    </li>
    <li
      className="page-item"
    >
      <Link
        className="page-link"
        params={
          {
            "page": 4,
          }
        }
        scope="pagination"
        to="whatever"
      >
        4
      </Link>
    </li>
    <li
      className="page-item"
    >
      <Link
        className="page-link"
        params={
          {
            "page": 5,
          }
        }
        scope="pagination"
        to="whatever"
      >
        5
      </Link>
    </li>
    <li
      className="page-item"
    >
      <Link
        className="page-link"
        params={
          {
            "page": 6,
          }
        }
        scope="pagination"
        to="whatever"
      >
        6
      </Link>
    </li>
    <li
      className="page-item page-item__next"
    >
      <Link
        className="page-link"
        params={
          {
            "page": 2,
          }
        }
        scope="pagination"
        to="whatever"
      >
        Next →
      </Link>
    </li>
    <li
      className="page-item page-item__last"
    >
      <Link
        className="page-link"
        params={
          {
            "page": 9,
          }
        }
        scope="pagination"
        to="whatever"
      >
        Last »
      </Link>
    </li>
  </ul>
</nav>
`;

exports[`<Pagination /> shouldn't render disabled nav items when renderDisabled is false 2`] = `
<nav
  aria-label="Pagination Navigation"
  role="navigation"
>
  <ul
    className="pagination"
  >
    <li
      className="page-item page-item__first"
    >
      <Link
        className="page-link"
        scope={null}
        to="whatever"
      >
        « First
      </Link>
    </li>
    <li
      className="page-item page-item__prev"
    >
      <Link
        className="page-link"
        params={
          {
            "page": 8,
          }
        }
        scope="pagination"
        to="whatever"
      >
        ← Previous
      </Link>
    </li>
    <li
      className="page-item"
    >
      <Link
        className="page-link"
        params={
          {
            "page": 4,
          }
        }
        scope="pagination"
        to="whatever"
      >
        4
      </Link>
    </li>
    <li
      className="page-item"
    >
      <Link
        className="page-link"
        params={
          {
            "page": 5,
          }
        }
        scope="pagination"
        to="whatever"
      >
        5
      </Link>
    </li>
    <li
      className="page-item"
    >
      <Link
        className="page-link"
        params={
          {
            "page": 6,
          }
        }
        scope="pagination"
        to="whatever"
      >
        6
      </Link>
    </li>
    <li
      className="page-item"
    >
      <Link
        className="page-link"
        params={
          {
            "page": 7,
          }
        }
        scope="pagination"
        to="whatever"
      >
        7
      </Link>
    </li>
    <li
      className="page-item"
    >
      <Link
        className="page-link"
        params={
          {
            "page": 8,
          }
        }
        scope="pagination"
        to="whatever"
      >
        8
      </Link>
    </li>
    <li
      className="page-item active"
    >
      <Link
        className="page-link"
        params={
          {
            "page": 9,
          }
        }
        scope="pagination"
        to="whatever"
      >
        9
      </Link>
    </li>
  </ul>
</nav>
`;

exports[`<Pagination /> shouldn't render disabled nav items when renderDisabled is false 3`] = `
<nav
  aria-label="Pagination Navigation"
  role="navigation"
>
  <ul
    className="pagination"
  >
    <li
      className="page-item active"
    >
      <Link
        className="page-link"
        scope={null}
        to="whatever"
      >
        1
      </Link>
    </li>
  </ul>
</nav>
`;
